// Jest Snapshot v1, https://goo.gl/fbAQLP

exports[`handle pages with errors 1`] = `undefined`;
